../Core/Src/main.c:119:5:main	8	static
../Core/Src/main.c:201:6:SystemClock_Config	120	static
../Core/Src/main.c:262:13:MX_ETH_Init	8	static
../Core/Src/main.c:311:13:MX_SPI3_Init	8	static
../Core/Src/main.c:359:13:MX_USART3_UART_Init	8	static
../Core/Src/main.c:407:13:MX_USB_OTG_FS_PCD_Init	8	static
../Core/Src/main.c:443:13:MX_GPIO_Init	56	static
../Core/Src/main.c:517:6:clearBuffer	16	static
../Core/Src/main.c:523:6:insertBuffer	16	static
../Core/Src/main.c:528:6:InitSdcard	8	static
../Core/Src/main.c:535:6:_mountSdcard	8	static
../Core/Src/main.c:555:6:_unmountSdcard	8	static
../Core/Src/main.c:575:6:_writeString	16	static
../Core/Src/main.c:580:6:_readString	24	static
../Core/Src/main.c:585:6:_openfile	24	static
../Core/Src/main.c:608:6:_closefile	16	static
../Core/Src/main.c:614:16:getSpaceInfo	40	static
../Core/Src/main.c:631:6:_makeDirectory	16	static
../Core/Src/main.c:641:6:sdcardErrorHandle	16	static
../Core/Src/main.c:646:14:getFileState	56	static
../Core/Src/main.c:662:6:SdcardWriteAction	576	static
../Core/Src/main.c:690:6:StartDefaultTask	16	static
../Core/Src/main.c:709:6:HAL_TIM_PeriodElapsedCallback	16	static
../Core/Src/main.c:726:6:Error_Handler	4	static,ignoring_inline_asm
