../Core/Src/main.c:130:5:main	568	static
../Core/Src/main.c:224:6:SystemClock_Config	120	static
../Core/Src/main.c:285:13:MX_ETH_Init	8	static
../Core/Src/main.c:334:13:MX_SPI3_Init	8	static
../Core/Src/main.c:382:13:MX_USART3_UART_Init	8	static
../Core/Src/main.c:430:13:MX_USB_OTG_FS_PCD_Init	8	static
../Core/Src/main.c:466:13:MX_GPIO_Init	56	static
../Core/Src/main.c:546:1:__io_putchar	16	static
../Core/Src/main.c:555:1:__io_getchar	16	static
../Core/Src/main.c:564:6:clearBuffer	16	static
../Core/Src/main.c:570:6:insertBuffer	16	static
../Core/Src/main.c:575:6:InitSdcard	8	static
../Core/Src/main.c:582:6:_mountSdcard	8	static
../Core/Src/main.c:602:6:_unmountSdcard	8	static
../Core/Src/main.c:622:6:_writeString	16	static
../Core/Src/main.c:627:6:_readString	24	static
../Core/Src/main.c:632:6:_openfile	24	static
../Core/Src/main.c:655:6:_closefile	16	static
../Core/Src/main.c:661:16:getSpaceInfo	40	static
../Core/Src/main.c:678:6:_makeDirectory	16	static
../Core/Src/main.c:688:6:sdcardErrorHandle	16	static
../Core/Src/main.c:693:14:getFileState	56	static
../Core/Src/main.c:709:6:SdcardWriteAction	576	static
../Core/Src/main.c:737:6:StartDefaultTask	16	static
../Core/Src/main.c:756:6:HAL_TIM_PeriodElapsedCallback	16	static
../Core/Src/main.c:773:6:Error_Handler	4	static,ignoring_inline_asm
